// Jest Snapshot v1, https://goo.gl/fbAQLP

exports[`Home matches snapshot of initial state 1`] = `
<div>
  <div
    style="min-height: 100vh; background-color: rgb(248, 250, 252); padding: 2rem; display: flex; flex-direction: column; align-items: center;"
  >
    <header
      style="margin-bottom: 2rem; text-align: center;"
    >
      <h1
        style="color: rgb(15, 23, 42); font-size: 2.25rem; font-weight: 700; margin-bottom: 0.5rem;"
      >
        Fork-Off Game
      </h1>
      <p
        style="color: rgb(71, 85, 105); font-size: 1.125rem; max-width: 600px; margin-bottom: 2rem;"
      >
        Challenge your friends in this exciting multiplayer game where strategy meets fun. Create a room or join an existing one to get started!
      </p>
    </header>
    <div
      style="width: 100%; max-width: 900px; display: flex; flex-direction: column; align-items: center;"
    >
      <div
        style="width: 100%; max-width: 400px; margin-bottom: 1.5rem; text-align: center;"
      >
        <div>
          <label
            for="nickname"
            style="display: block; margin-bottom: 0.5rem; color: rgb(51, 65, 85);"
          >
            Your Nickname
            <span
              style="margin-left: 0.25rem;"
            >
              *
            </span>
          </label>
          <input
            id="nickname"
            required=""
            style="width: 100%; padding: 0.75rem; border: 1px solid #cbd5e1; border-radius: 0.375rem; font-size: 1rem; color: rgb(15, 23, 42); outline: none; transition: border-color 0.2s ease;"
            type="text"
            value=""
          />
        </div>
      </div>
      <div
        style="display: grid; grid-template-columns: 1fr 1fr; gap: 1.5rem; width: 100%;"
      >
        <div
          class=""
          role="none"
          style="background-color: rgb(255, 255, 255); border-radius: 0.5rem; padding: 1rem; box-shadow: 0 4px 6px -1px rgb(0 0 0 / 0.1), 0 2px 4px -2px rgb(0 0 0 / 0.1); transition: all 150ms ease-in-out; cursor: default;"
          tabindex="-1"
        >
          <div
            style="height: 100%; display: flex; flex-direction: column;"
          >
            <h2
              style="font-size: 1.25rem; font-weight: 600; margin-bottom: 1rem; color: rgb(15, 23, 42);"
            >
              Create a New Room
            </h2>
            <p
              style="color: rgb(71, 85, 105); margin-bottom: 1rem;"
            >
              Start a new game and invite your friends to join.
            </p>
            <div
              style="margin-top: auto;"
            >
              <div
                data-testid="create-room-button-container"
                style="position: relative; display: inline-block; width: auto;"
              >
                <button
                  class=""
                  disabled=""
                  style="display: inline-flex; align-items: center; justify-content: center; font-family: \\"Inter\\", -apple-system, BlinkMacSystemFont, \\"Segoe UI\\", Roboto, sans-serif; font-weight: 500; border-radius: 0.375rem; transition: all 150ms ease-in-out; cursor: not-allowed; opacity: 0.6; width: 100%; white-space: nowrap; overflow: hidden; text-overflow: ellipsis; outline: none; background-color: rgb(37, 99, 235); color: rgb(255, 255, 255); padding: 0.75rem 1rem; font-size: 1rem; min-width: 120px;"
                  type="button"
                >
                  Create Room
                </button>
              </div>
            </div>
          </div>
        </div>
        <div
          class=""
          role="none"
          style="background-color: rgb(255, 255, 255); border-radius: 0.5rem; padding: 1rem; box-shadow: 0 4px 6px -1px rgb(0 0 0 / 0.1), 0 2px 4px -2px rgb(0 0 0 / 0.1); transition: all 150ms ease-in-out; cursor: default;"
          tabindex="-1"
        >
          <div
            style="height: 100%; display: flex; flex-direction: column;"
          >
            <h2
              style="font-size: 1.25rem; font-weight: 600; margin-bottom: 1rem; color: rgb(15, 23, 42);"
            >
              Join an Existing Room
            </h2>
            <p
              style="color: rgb(71, 85, 105); margin-bottom: 1rem;"
            >
              Enter a room code to join your friends.
            </p>
            <div>
              <label
                for="room-id"
                style="display: block; margin-bottom: 0.5rem; color: rgb(51, 65, 85);"
              >
                Room Code
                <span
                  style="margin-left: 0.25rem;"
                >
                  *
                </span>
              </label>
              <input
                id="room-id"
                required=""
                style="width: 100%; padding: 0.75rem; border: 1px solid #cbd5e1; border-radius: 0.375rem; font-size: 1rem; color: rgb(15, 23, 42); outline: none; transition: border-color 0.2s ease; margin-bottom: 1rem;"
                type="text"
                value=""
              />
            </div>
            <div
              style="margin-top: auto;"
            >
              <div
                data-testid="join-room-button-container"
                style="position: relative; display: inline-block; width: auto;"
              >
                <button
                  class=""
                  disabled=""
                  style="display: inline-flex; align-items: center; justify-content: center; font-family: \\"Inter\\", -apple-system, BlinkMacSystemFont, \\"Segoe UI\\", Roboto, sans-serif; font-weight: 500; border-radius: 0.375rem; transition: all 150ms ease-in-out; cursor: not-allowed; opacity: 0.6; width: 100%; white-space: nowrap; overflow: hidden; text-overflow: ellipsis; outline: none; background-color: rgb(16, 185, 129); color: rgb(255, 255, 255); padding: 0.75rem 1rem; font-size: 1rem; min-width: 120px;"
                  type="button"
                >
                  Join Room
                </button>
              </div>
            </div>
          </div>
        </div>
      </div>
    </div>
  </div>
</div>
`;

exports[`Home matches snapshot with filled form 1`] = `
<div>
  <div
    style="min-height: 100vh; background-color: rgb(248, 250, 252); padding: 2rem; display: flex; flex-direction: column; align-items: center;"
  >
    <header
      style="margin-bottom: 2rem; text-align: center;"
    >
      <h1
        style="color: rgb(15, 23, 42); font-size: 2.25rem; font-weight: 700; margin-bottom: 0.5rem;"
      >
        Fork-Off Game
      </h1>
      <p
        style="color: rgb(71, 85, 105); font-size: 1.125rem; max-width: 600px; margin-bottom: 2rem;"
      >
        Challenge your friends in this exciting multiplayer game where strategy meets fun. Create a room or join an existing one to get started!
      </p>
    </header>
    <div
      style="width: 100%; max-width: 900px; display: flex; flex-direction: column; align-items: center;"
    >
      <div
        style="width: 100%; max-width: 400px; margin-bottom: 1.5rem; text-align: center;"
      >
        <div>
          <label
            for="nickname"
            style="display: block; margin-bottom: 0.5rem; color: rgb(51, 65, 85);"
          >
            Your Nickname
            <span
              style="margin-left: 0.25rem;"
            >
              *
            </span>
          </label>
          <input
            id="nickname"
            required=""
            style="width: 100%; padding: 0.75rem; border: 1px solid #cbd5e1; border-radius: 0.375rem; font-size: 1rem; color: rgb(15, 23, 42); outline: none; transition: border-color 0.2s ease;"
            type="text"
            value=""
          />
        </div>
      </div>
      <div
        style="display: grid; grid-template-columns: 1fr 1fr; gap: 1.5rem; width: 100%;"
      >
        <div
          class=""
          role="none"
          style="background-color: rgb(255, 255, 255); border-radius: 0.5rem; padding: 1rem; box-shadow: 0 4px 6px -1px rgb(0 0 0 / 0.1), 0 2px 4px -2px rgb(0 0 0 / 0.1); transition: all 150ms ease-in-out; cursor: default;"
          tabindex="-1"
        >
          <div
            style="height: 100%; display: flex; flex-direction: column;"
          >
            <h2
              style="font-size: 1.25rem; font-weight: 600; margin-bottom: 1rem; color: rgb(15, 23, 42);"
            >
              Create a New Room
            </h2>
            <p
              style="color: rgb(71, 85, 105); margin-bottom: 1rem;"
            >
              Start a new game and invite your friends to join.
            </p>
            <div
              style="margin-top: auto;"
            >
              <div
                data-testid="create-room-button-container"
                style="position: relative; display: inline-block; width: auto;"
              >
                <button
                  class=""
                  disabled=""
                  style="display: inline-flex; align-items: center; justify-content: center; font-family: \\"Inter\\", -apple-system, BlinkMacSystemFont, \\"Segoe UI\\", Roboto, sans-serif; font-weight: 500; border-radius: 0.375rem; transition: all 150ms ease-in-out; cursor: not-allowed; opacity: 0.6; width: 100%; white-space: nowrap; overflow: hidden; text-overflow: ellipsis; outline: none; background-color: rgb(37, 99, 235); color: rgb(255, 255, 255); padding: 0.75rem 1rem; font-size: 1rem; min-width: 120px;"
                  type="button"
                >
                  Create Room
                </button>
              </div>
            </div>
          </div>
        </div>
        <div
          class=""
          role="none"
          style="background-color: rgb(255, 255, 255); border-radius: 0.5rem; padding: 1rem; box-shadow: 0 4px 6px -1px rgb(0 0 0 / 0.1), 0 2px 4px -2px rgb(0 0 0 / 0.1); transition: all 150ms ease-in-out; cursor: default;"
          tabindex="-1"
        >
          <div
            style="height: 100%; display: flex; flex-direction: column;"
          >
            <h2
              style="font-size: 1.25rem; font-weight: 600; margin-bottom: 1rem; color: rgb(15, 23, 42);"
            >
              Join an Existing Room
            </h2>
            <p
              style="color: rgb(71, 85, 105); margin-bottom: 1rem;"
            >
              Enter a room code to join your friends.
            </p>
            <div>
              <label
                for="room-id"
                style="display: block; margin-bottom: 0.5rem; color: rgb(51, 65, 85);"
              >
                Room Code
                <span
                  style="margin-left: 0.25rem;"
                >
                  *
                </span>
              </label>
              <input
                id="room-id"
                required=""
                style="width: 100%; padding: 0.75rem; border: 1px solid #cbd5e1; border-radius: 0.375rem; font-size: 1rem; color: rgb(15, 23, 42); outline: none; transition: border-color 0.2s ease; margin-bottom: 1rem;"
                type="text"
                value=""
              />
            </div>
            <div
              style="margin-top: auto;"
            >
              <div
                data-testid="join-room-button-container"
                style="position: relative; display: inline-block; width: auto;"
              >
                <button
                  class=""
                  disabled=""
                  style="display: inline-flex; align-items: center; justify-content: center; font-family: \\"Inter\\", -apple-system, BlinkMacSystemFont, \\"Segoe UI\\", Roboto, sans-serif; font-weight: 500; border-radius: 0.375rem; transition: all 150ms ease-in-out; cursor: not-allowed; opacity: 0.6; width: 100%; white-space: nowrap; overflow: hidden; text-overflow: ellipsis; outline: none; background-color: rgb(16, 185, 129); color: rgb(255, 255, 255); padding: 0.75rem 1rem; font-size: 1rem; min-width: 120px;"
                  type="button"
                >
                  Join Room
                </button>
              </div>
            </div>
          </div>
        </div>
      </div>
    </div>
  </div>
</div>
`;
